import { NgModule } from '@angular/core';
import { BrowserModule } from '@angular/platform-browser';

import { AppComponent } from './app.component';
import { LumberjackModule } from '@ngworker/lumberjack';

@NgModule({
  declarations: [AppComponent],
  imports: [BrowserModule, LumberjackModule.forRoot()],
  providers: [],
  bootstrap: [AppComponent],
})
export class AppModule {}
